Last login: Sat Sep  9 12:54:48 on ttys001
malaikah@Malaikahs-Air ~ % git push
fatal: not a git repository (or any of the parent directories): .git
malaikah@Malaikahs-Air ~ % git
usage: git [-v | --version] [-h | --help] [-C <path>] [-c <name>=<value>]
           [--exec-path[=<path>]] [--html-path] [--man-path] [--info-path]
           [-p | --paginate | -P | --no-pager] [--no-replace-objects] [--bare]
           [--git-dir=<path>] [--work-tree=<path>] [--namespace=<name>]
           [--super-prefix=<path>] [--config-env=<name>=<envvar>]
           <command> [<args>]

These are common Git commands used in various situations:

start a working area (see also: git help tutorial)
   clone     Clone a repository into a new directory
   init      Create an empty Git repository or reinitialize an existing one

work on the current change (see also: git help everyday)
   add       Add file contents to the index
   mv        Move or rename a file, a directory, or a symlink
   restore   Restore working tree files
   rm        Remove files from the working tree and from the index

examine the history and state (see also: git help revisions)
   bisect    Use binary search to find the commit that introduced a bug
   diff      Show changes between commits, commit and working tree, etc
   grep      Print lines matching a pattern
   log       Show commit logs
   show      Show various types of objects
   status    Show the working tree status

grow, mark and tweak your common history
   branch    List, create, or delete branches
   commit    Record changes to the repository
   merge     Join two or more development histories together
   rebase    Reapply commits on top of another base tip
   reset     Reset current HEAD to the specified state
   switch    Switch branches
   tag       Create, list, delete or verify a tag object signed with GPG

collaborate (see also: git help workflows)
   fetch     Download objects and refs from another repository
   pull      Fetch from and integrate with another repository or a local branch
   push      Update remote refs along with associated objects

'git help -a' and 'git help -g' list available subcommands and some
concept guides. See 'git help <command>' or 'git help <concept>'
to read about a specific subcommand or concept.
See 'git help git' for an overview of the system.
malaikah@Malaikahs-Air ~ % git add
fatal: not a git repository (or any of the parent directories): .git
malaikah@Malaikahs-Air ~ % pull
zsh: command not found: pull
malaikah@Malaikahs-Air ~ % git pull
fatal: not a git repository (or any of the parent directories): .git
malaikah@Malaikahs-Air ~ % cd
malaikah@Malaikahs-Air ~ % ls
Desktop				Pictures
Documents			Public
Downloads			crying in bachelor of art.py
Library				hello_world.py
Movies				pythondecal
Music				sticky note info.txt
malaikah@Malaikahs-Air ~ % cd pythondecal
malaikah@Malaikahs-Air pythondecal % ls
README.md	homework (me)	homeworks	info.text
malaikah@Malaikahs-Air pythondecal % cd homeworks
malaikah@Malaikahs-Air homeworks % ls
README.md	surprise.txt
malaikah@Malaikahs-Air homeworks % cd surprise.txt 
cd: not a directory: surprise.txt
malaikah@Malaikahs-Air homeworks % surpise.txt
zsh: command not found: surpise.txt
malaikah@Malaikahs-Air homeworks % ls
README.md	surprise.txt
malaikah@Malaikahs-Air homeworks % mwp
zsh: command not found: mwp
malaikah@Malaikahs-Air homeworks % pwd
/Users/malaikah/pythondecal/homeworks
malaikah@Malaikahs-Air homeworks % cd surprise
cd: no such file or directory: surprise
malaikah@Malaikahs-Air homeworks % cd surprise.txt
cd: not a directory: surprise.txt
malaikah@Malaikahs-Air homeworks % pwd
/Users/malaikah/pythondecal/homeworks
malaikah@Malaikahs-Air homeworks % git add
Nothing specified, nothing added.
hint: Maybe you wanted to say 'git add .'?
hint: Turn this message off by running
hint: "git config advice.addEmptyPathspec false"
malaikah@Malaikahs-Air homeworks % git add . 
malaikah@Malaikahs-Air homeworks % surprise.txt
zsh: command not found: surprise.txt
malaikah@Malaikahs-Air homeworks % git clone
fatal: You must specify a repository to clone.

usage: git clone [<options>] [--] <repo> [<dir>]

    -v, --verbose         be more verbose
    -q, --quiet           be more quiet
    --progress            force progress reporting
    --reject-shallow      don't clone shallow repository
    -n, --no-checkout     don't create a checkout
    --bare                create a bare repository
    --mirror              create a mirror repository (implies bare)
    -l, --local           to clone from a local repository
    --no-hardlinks        don't use local hardlinks, always copy
    -s, --shared          setup as shared repository
    --recurse-submodules[=<pathspec>]
                          initialize submodules in the clone
    --recursive ...       alias of --recurse-submodules
    -j, --jobs <n>        number of submodules cloned in parallel
    --template <template-directory>
                          directory from which templates will be used
    --reference <repo>    reference repository
    --reference-if-able <repo>
                          reference repository
    --dissociate          use --reference only while cloning
    -o, --origin <name>   use <name> instead of 'origin' to track upstream
    -b, --branch <branch>
                          checkout <branch> instead of the remote's HEAD
    -u, --upload-pack <path>
                          path to git-upload-pack on the remote
    --depth <depth>       create a shallow clone of that depth
    --shallow-since <time>
                          create a shallow clone since a specific time
    --shallow-exclude <revision>
                          deepen history of shallow clone, excluding rev
    --single-branch       clone only one branch, HEAD or --branch
    --no-tags             don't clone any tags, and make later fetches not to follow them
    --shallow-submodules  any cloned submodules will be shallow
    --separate-git-dir <gitdir>
                          separate git dir from working tree
    -c, --config <key=value>
                          set config inside the new repository
    --server-option <server-specific>
                          option to transmit
    -4, --ipv4            use IPv4 addresses only
    -6, --ipv6            use IPv6 addresses only
    --filter <args>       object filtering
    --also-filter-submodules
                          apply partial clone filters to submodules
    --remote-submodules   any cloned submodules will use their remote-tracking branch
    --sparse              initialize sparse-checkout file to include only files at root
    --bundle-uri <uri>    a URI for downloading bundles before fetching from origin remote

malaikah@Malaikahs-Air homeworks % git clone 'surprise.txt'
fatal: destination path 'surprise.txt' already exists and is not an empty directory.
malaikah@Malaikahs-Air homeworks % git push 'surprise.txt'
fatal: invalid gitfile format: surprise.txt
fatal: Could not read from remote repository.

Please make sure you have the correct access rights
and the repository exists.
malaikah@Malaikahs-Air homeworks % git push 'homework'
fatal: 'homework' does not appear to be a git repository
fatal: Could not read from remote repository.

Please make sure you have the correct access rights
and the repository exists.
malaikah@Malaikahs-Air homeworks % git push 'pythondecal'
fatal: 'pythondecal' does not appear to be a git repository
fatal: Could not read from remote repository.

Please make sure you have the correct access rights
and the repository exists.
malaikah@Malaikahs-Air homeworks % surprise.txt
zsh: command not found: surprise.txt
malaikah@Malaikahs-Air homeworks % cd
malaikah@Malaikahs-Air ~ % git clone git@github.com:kulfikulfi/Python-Decal.git
Cloning into 'Python-Decal'...
git@github.com: Permission denied (publickey).
fatal: Could not read from remote repository.

Please make sure you have the correct access rights
and the repository exists.
malaikah@Malaikahs-Air ~ % git clone https://github.com/kulfikulfi/Python-Decal.git
Cloning into 'Python-Decal'...
remote: Enumerating objects: 6, done.
remote: Counting objects: 100% (6/6), done.
remote: Compressing objects: 100% (4/4), done.
remote: Total 6 (delta 0), reused 0 (delta 0), pack-reused 0
Receiving objects: 100% (6/6), done.
malaikah@Malaikahs-Air ~ % git push
fatal: not a git repository (or any of the parent directories): .git
malaikah@Malaikahs-Air ~ % git add . 
fatal: not a git repository (or any of the parent directories): .git
malaikah@Malaikahs-Air ~ % pwd
/Users/malaikah
malaikah@Malaikahs-Air ~ % ls   
Desktop				Public
Documents			Python-Decal
Downloads			crying in bachelor of art.py
Library				hello_world.py
Movies				pythondecal
Music				sticky note info.txt
Pictures
malaikah@Malaikahs-Air ~ % cd python-decal
malaikah@Malaikahs-Air python-decal % pwd
/Users/malaikah/python-decal
malaikah@Malaikahs-Air python-decal % cd Python-Decal
cd: no such file or directory: Python-Decal
malaikah@Malaikahs-Air python-decal % cd python-decal
cd: no such file or directory: python-decal
malaikah@Malaikahs-Air python-decal % cd
malaikah@Malaikahs-Air ~ % cd Python-Decal
malaikah@Malaikahs-Air Python-Decal % git add . 
malaikah@Malaikahs-Air Python-Decal % git commit - 'answers to the surprise text questions' 
error: pathspec '-' did not match any file(s) known to git
error: pathspec 'answers to the surprise text questions' did not match any file(s) known to git
malaikah@Malaikahs-Air Python-Decal % git commit -m 'answers to the surprise text questions' 
[main 7059b1f] answers to the surprise text questions
 Committer: Malaikah Khan <malaikah@Malaikahs-MacBook-Air.local>
Your name and email address were configured automatically based
on your username and hostname. Please check that they are accurate.
You can suppress this message by setting them explicitly:

    git config --global user.name "Your Name"
    git config --global user.email you@example.com

After doing this, you may fix the identity used for this commit with:

    git commit --amend --reset-author

 2 files changed, 12 deletions(-)
 create mode 100644 .DS_Store
 delete mode 100644 surprise.txt
malaikah@Malaikahs-Air Python-Decal % git push
Username for 'https://github.com': kulfikulfi
Password for 'https://kulfikulfi@github.com': 
remote: Support for password authentication was removed on August 13, 2021.
remote: Please see https://docs.github.com/en/get-started/getting-started-with-git/about-remote-repositories#cloning-with-https-urls for information on currently recommended modes of authentication.
fatal: Authentication failed for 'https://github.com/kulfikulfi/Python-Decal.git/'
malaikah@Malaikahs-Air Python-Decal % cd pythondecal
cd: no such file or directory: pythondecal
malaikah@Malaikahs-Air Python-Decal % cd
malaikah@Malaikahs-Air ~ % cd pythondecal
malaikah@Malaikahs-Air pythondecal % git add  .
malaikah@Malaikahs-Air pythondecal % git commit -m 'answers to the surprise text' 
[main 41a5ffc] answers to the surprise text
 Committer: Malaikah Khan <malaikah@Malaikahs-MacBook-Air.local>
Your name and email address were configured automatically based
on your username and hostname. Please check that they are accurate.
You can suppress this message by setting them explicitly:

    git config --global user.name "Your Name"
    git config --global user.email you@example.com

After doing this, you may fix the identity used for this commit with:

    git commit --amend --reset-author

 3 files changed, 1 insertion(+), 1 deletion(-)
 rename homework => homework (me) (100%)
malaikah@Malaikahs-Air pythondecal % 
malaikah@Malaikahs-Air pythondecal % git push 
git@github.com: Permission denied (publickey).
fatal: Could not read from remote repository.

Please make sure you have the correct access rights
and the repository exists.
malaikah@Malaikahs-Air pythondecal % git clone https://github.com/pydecal/homeworks.git
fatal: destination path 'homeworks' already exists and is not an empty directory.
malaikah@Malaikahs-Air pythondecal % pwd
/Users/malaikah/pythondecal
malaikah@Malaikahs-Air pythondecal % cd
malaikah@Malaikahs-Air ~ % ls
Desktop				Public
Documents			Python-Decal
Downloads			crying in bachelor of art.py
Library				demo
Movies				hello_world.py
Music				sticky note info.txt
Pictures
malaikah@Malaikahs-Air ~ % cd python-decal
malaikah@Malaikahs-Air python-decal % ls
homework
malaikah@Malaikahs-Air python-decal % git clone https://github.com/pydecal/homeworks.git
Cloning into 'homeworks'...
remote: Enumerating objects: 13, done.
remote: Counting objects: 100% (13/13), done.
remote: Compressing objects: 100% (10/10), done.
remote: Total 13 (delta 0), reused 0 (delta 0), pack-reused 0
Receiving objects: 100% (13/13), done.
malaikah@Malaikahs-Air python-decal % mv ~/homeworks/surprise.txt ~/Python-Decal/surprise.txt
mv: rename /Users/malaikah/homeworks/surprise.txt to /Users/malaikah/Python-Decal/surprise.txt: No such file or directory
malaikah@Malaikahs-Air python-decal % mv ~/homeworks/surprise.txt ~/Python-Decal
mv: rename /Users/malaikah/homeworks/surprise.txt to /Users/malaikah/Python-Decal/surprise.txt: No such file or directory
malaikah@Malaikahs-Air python-decal % cd
malaikah@Malaikahs-Air ~ % l
zsh: command not found: l
malaikah@Malaikahs-Air ~ % ls 
Desktop				Public
Documents			Python-Decal
Downloads			crying in bachelor of art.py
Library				demo
Movies				hello_world.py
Music				sticky note info.txt
Pictures
malaikah@Malaikahs-Air ~ % cd Python-Decal
malaikah@Malaikahs-Air Python-Decal % mkdir editedhw  
malaikah@Malaikahs-Air Python-Decal % cd Python-Decal
cd: no such file or directory: Python-Decal
malaikah@Malaikahs-Air Python-Decal % cd
malaikah@Malaikahs-Air ~ % cd python-decal
malaikah@Malaikahs-Air python-decal % mv surprise.txt editedhw/
mv: rename surprise.txt to editedhw/surprise.txt: No such file or directory
malaikah@Malaikahs-Air python-decal % mv ~/homeworks/surprise.txt /editedhw
mv: rename /Users/malaikah/homeworks/surprise.txt to /editedhw: No such file or directory
malaikah@Malaikahs-Air python-decal % mv ~/Python-Decal/homeworks/surprise.txt ~/Python-Decal/editedhw/surprise.txt
malaikah@Malaikahs-Air python-decal % open surprise.txt 
The file /Users/malaikah/Python-Decal/surprise.txt does not exist.
malaikah@Malaikahs-Air python-decal % pwd           
/Users/malaikah/python-decal
malaikah@Malaikahs-Air python-decal % ls
editedhw	homework	homeworks
malaikah@Malaikahs-Air python-decal % cd editedhw
malaikah@Malaikahs-Air editedhw % open surprise.txt
malaikah@Malaikahs-Air editedhw % git add . 
malaikah@Malaikahs-Air editedhw % git commit -m 'answering surprise txt questions' 
[main 138992a] answering surprise txt questions
 Committer: Malaikah Khan <malaikah@Malaikahs-MacBook-Air.local>
Your name and email address were configured automatically based
on your username and hostname. Please check that they are accurate.
You can suppress this message by setting them explicitly:

    git config --global user.name "Your Name"
    git config --global user.email you@example.com

After doing this, you may fix the identity used for this commit with:

    git commit --amend --reset-author

 1 file changed, 23 insertions(+)
 create mode 100644 editedhw/surprise.txt
malaikah@Malaikahs-Air editedhw % git push
Username for 'https://github.com': kulfikulfi
Password for 'https://kulfikulfi@github.com': 
remote: Support for password authentication was removed on August 13, 2021.
remote: Please see https://docs.github.com/en/get-started/getting-started-with-git/about-remote-repositories#cloning-with-https-urls for information on currently recommended modes of authentication.
fatal: Authentication failed for 'https://github.com/kulfikulfi/Python-Decal.git/'
malaikah@Malaikahs-Air editedhw % git push
Username for 'https://github.com': kulfikulfi
Password for 'https://kulfikulfi@github.com': 
remote: Support for password authentication was removed on August 13, 2021.
remote: Please see https://docs.github.com/en/get-started/getting-started-with-git/about-remote-repositories#cloning-with-https-urls for information on currently recommended modes of authentication.
fatal: Authentication failed for 'https://github.com/kulfikulfi/Python-Decal.git/'
malaikah@Malaikahs-Air editedhw % git push
Username for 'https://github.com': mali.m@berkeley.edu
Password for 'https://mali.m@berkeley.edu@github.com': 
remote: Support for password authentication was removed on August 13, 2021.
remote: Please see https://docs.github.com/en/get-started/getting-started-with-git/about-remote-repositories#cloning-with-https-urls for information on currently recommended modes of authentication.
fatal: Authentication failed for 'https://github.com/kulfikulfi/Python-Decal.git/'
malaikah@Malaikahs-Air editedhw % pwd
/Users/malaikah/python-decal/editedhw
malaikah@Malaikahs-Air editedhw % ls
surprise.txt
malaikah@Malaikahs-Air editedhw % cd
malaikah@Malaikahs-Air ~ % cd Python-Decal
malaikah@Malaikahs-Air Python-Decal % cd
malaikah@Malaikahs-Air ~ % cd Python - Decal 
cd: too many arguments
malaikah@Malaikahs-Air ~ % cd Python-Decal   
malaikah@Malaikahs-Air Python-Decal % ls   
editedhw	homework	homeworks	lecture notes
malaikah@Malaikahs-Air Python-Decal % cd homeworks
malaikah@Malaikahs-Air homeworks % ls
README.md
malaikah@Malaikahs-Air homeworks % cd Python-Decal
cd: no such file or directory: Python-Decal
malaikah@Malaikahs-Air homeworks % cd
malaikah@Malaikahs-Air ~ % cd Python-Decal
malaikah@Malaikahs-Air Python-Decal % ls
editedhw	homework	homeworks	lecture notes
malaikah@Malaikahs-Air Python-Decal % cd ..
malaikah@Malaikahs-Air ~ % mvd
zsh: command not found: mvd
malaikah@Malaikahs-Air ~ % cd Python-Decal
cd: no such file or directory: Python-Decal
malaikah@Malaikahs-Air ~ % ls
Desktop					Public
Documents				Terminal Saved Output for proof.txt
Downloads				Terminal Saved Output.txt
Library					crying in bachelor of art.py
Movies					demo
Music					hello_world.py
Pictures				sticky note info.txt
malaikah@Malaikahs-Air ~ % cd
malaikah@Malaikahs-Air ~ % cd Desktop
malaikah@Malaikahs-Air Desktop % ls
---.textClipping				Screenshot 2023-09-09 at 11.44.16 AM.png
Python-Decal					Screenshot 2023-09-09 at 11.51.16 AM.png
Screenshot 2023-09-07 at 9.19.22 AM.png		Screenshot 2023-09-09 at 11.53.32 AM.png
Screenshot 2023-09-09 at 1.06.40 PM.png		Screenshot 2023-09-09 at 11.54.37 AM.png
Screenshot 2023-09-09 at 1.09.10 PM.png		Screenshot 2023-09-09 at 12.11.31 PM.png
Screenshot 2023-09-09 at 11.17.00 AM.png	Screenshot 2023-09-09 at 12.21.59 PM.png
Screenshot 2023-09-09 at 11.17.07 AM.png	Screenshot 2023-09-09 at 12.22.25 PM.png
Screenshot 2023-09-09 at 11.17.13 AM.png	Screenshot 2023-09-09 at 12.49.14 PM.png
Screenshot 2023-09-09 at 11.18.31 AM.png	Screenshot 2023-09-10 at 12.33.42 PM.png
Screenshot 2023-09-09 at 11.21.30 AM.png	Screenshot 2023-09-10 at 12.34.46 PM.png
Screenshot 2023-09-09 at 11.23.24 AM.png	homeworks
Screenshot 2023-09-09 at 11.31.15 AM.png	surprise edited.txt
Screenshot 2023-09-09 at 11.39.44 AM.png
malaikah@Malaikahs-Air Desktop % cd Python-Decal
malaikah@Malaikahs-Air Python-Decal % ls
editedhw	homework	lecture notes
malaikah@Malaikahs-Air Python-Decal % cd editedhw
malaikah@Malaikahs-Air editedhw % ls
surprise.txt
malaikah@Malaikahs-Air editedhw % git add . 
malaikah@Malaikahs-Air editedhw % git commit -m 'edited hw answers' 
On branch main
Your branch is ahead of 'origin/main' by 2 commits.
  (use "git push" to publish your local commits)

Changes not staged for commit:
  (use "git add <file>..." to update what will be committed)
  (use "git restore <file>..." to discard changes in working directory)
	modified:   ../.DS_Store

Untracked files:
  (use "git add <file>..." to include in what will be committed)
	../lecture notes/

no changes added to commit (use "git add" and/or "git commit -a")
malaikah@Malaikahs-Air editedhw % git push
Username for 'https://github.com': mali.m@berkeley.edu	
Password for 'https://mali.m@berkeley.edu@github.com': 
remote: Support for password authentication was removed on August 13, 2021.
remote: Please see https://docs.github.com/en/get-started/getting-started-with-git/about-remote-repositories#cloning-with-https-urls for information on currently recommended modes of authentication.
fatal: Authentication failed for 'https://github.com/kulfikulfi/Python-Decal.git/'
malaikah@Malaikahs-Air editedhw % git push 
Username for 'https://github.com': kulfikulfi
Password for 'https://kulfikulfi@github.com': 
remote: Support for password authentication was removed on August 13, 2021.
remote: Please see https://docs.github.com/en/get-started/getting-started-with-git/about-remote-repositories#cloning-with-https-urls for information on currently recommended modes of authentication.
fatal: Authentication failed for 'https://github.com/kulfikulfi/Python-Decal.git/'
malaikah@Malaikahs-Air editedhw % git push 
Username for 'https://github.com': kulfikulfi
Password for 'https://kulfikulfi@github.com': 
remote: Support for password authentication was removed on August 13, 2021.
remote: Please see https://docs.github.com/en/get-started/getting-started-with-git/about-remote-repositories#cloning-with-https-urls for information on currently recommended modes of authentication.
fatal: Authentication failed for 'https://github.com/kulfikulfi/Python-Decal.git/'
malaikah@Malaikahs-Air editedhw % 
malaikah@Malaikahs-Air editedhw % git status
On branch main
Your branch is ahead of 'origin/main' by 2 commits.
  (use "git push" to publish your local commits)

Changes not staged for commit:
  (use "git add <file>..." to update what will be committed)
  (use "git restore <file>..." to discard changes in working directory)
	modified:   ../.DS_Store

Untracked files:
  (use "git add <file>..." to include in what will be committed)
	../lecture notes/

no changes added to commit (use "git add" and/or "git commit -a")
malaikah@Malaikahs-Air editedhw % git add..
git: 'add..' is not a git command. See 'git --help'.
malaikah@Malaikahs-Air editedhw % git add.
git: 'add.' is not a git command. See 'git --help'.

The most similar command is
	add
malaikah@Malaikahs-Air editedhw % git add .
malaikah@Malaikahs-Air editedhw % git commit -m 'submission'
On branch main
Your branch is ahead of 'origin/main' by 2 commits.
  (use "git push" to publish your local commits)

Changes not staged for commit:
  (use "git add <file>..." to update what will be committed)
  (use "git restore <file>..." to discard changes in working directory)
	modified:   ../.DS_Store

Untracked files:
  (use "git add <file>..." to include in what will be committed)
	../lecture notes/

no changes added to commit (use "git add" and/or "git commit -a")
malaikah@Malaikahs-Air editedhw % git push
Username for 'https://github.com': kulfikulfi
Password for 'https://kulfikulfi@github.com': 
remote: Support for password authentication was removed on August 13, 2021.
remote: Please see https://docs.github.com/en/get-started/getting-started-with-git/about-remote-repositories#cloning-with-https-urls for information on currently recommended modes of authentication.
fatal: Authentication failed for 'https://github.com/kulfikulfi/Python-Decal.git/'
malaikah@Malaikahs-Air editedhw % git push
Username for 'https://github.com': kulfikulfi
Password for 'https://kulfikulfi@github.com': 
remote: Support for password authentication was removed on August 13, 2021.
remote: Please see https://docs.github.com/en/get-started/getting-started-with-git/about-remote-repositories#cloning-with-https-urls for information on currently recommended modes of authentication.
fatal: Authentication failed for 'https://github.com/kulfikulfi/Python-Decal.git/'
malaikah@Malaikahs-Air editedhw % git stage
Nothing specified, nothing added.
hint: Maybe you wanted to say 'git add .'?
hint: Turn this message off by running
hint: "git config advice.addEmptyPathspec false"
malaikah@Malaikahs-Air editedhw % ls
surprise.txt
malaikah@Malaikahs-Air editedhw % pwd
/Users/malaikah/Desktop/Python-Decal/editedhw
malaikah@Malaikahs-Air editedhw % cd ..
malaikah@Malaikahs-Air Python-Decal % cd ..
malaikah@Malaikahs-Air Desktop % ls
---.textClipping				Screenshot 2023-09-09 at 11.44.16 AM.png
Python-Decal					Screenshot 2023-09-09 at 11.51.16 AM.png
Screenshot 2023-09-07 at 9.19.22 AM.png		Screenshot 2023-09-09 at 11.53.32 AM.png
Screenshot 2023-09-09 at 1.06.40 PM.png		Screenshot 2023-09-09 at 11.54.37 AM.png
Screenshot 2023-09-09 at 1.09.10 PM.png		Screenshot 2023-09-09 at 12.11.31 PM.png
Screenshot 2023-09-09 at 11.17.00 AM.png	Screenshot 2023-09-09 at 12.21.59 PM.png
Screenshot 2023-09-09 at 11.17.07 AM.png	Screenshot 2023-09-09 at 12.22.25 PM.png
Screenshot 2023-09-09 at 11.17.13 AM.png	Screenshot 2023-09-09 at 12.49.14 PM.png
Screenshot 2023-09-09 at 11.18.31 AM.png	Screenshot 2023-09-10 at 12.33.42 PM.png
Screenshot 2023-09-09 at 11.21.30 AM.png	Screenshot 2023-09-10 at 12.34.46 PM.png
Screenshot 2023-09-09 at 11.23.24 AM.png	homeworks
Screenshot 2023-09-09 at 11.31.15 AM.png	surprise edited.txt
Screenshot 2023-09-09 at 11.39.44 AM.png
malaikah@Malaikahs-Air Desktop % cd homeworks
malaikah@Malaikahs-Air homeworks % ls
README.md
malaikah@Malaikahs-Air homeworks % cd ..
malaikah@Malaikahs-Air Desktop % cd open 'surprise edited.txt'
cd: string not in pwd: open
malaikah@Malaikahs-Air Desktop % ls
---.textClipping				Screenshot 2023-09-09 at 11.44.16 AM.png
Python-Decal					Screenshot 2023-09-09 at 11.51.16 AM.png
Screenshot 2023-09-07 at 9.19.22 AM.png		Screenshot 2023-09-09 at 11.53.32 AM.png
Screenshot 2023-09-09 at 1.06.40 PM.png		Screenshot 2023-09-09 at 11.54.37 AM.png
Screenshot 2023-09-09 at 1.09.10 PM.png		Screenshot 2023-09-09 at 12.11.31 PM.png
Screenshot 2023-09-09 at 11.17.00 AM.png	Screenshot 2023-09-09 at 12.21.59 PM.png
Screenshot 2023-09-09 at 11.17.07 AM.png	Screenshot 2023-09-09 at 12.22.25 PM.png
Screenshot 2023-09-09 at 11.17.13 AM.png	Screenshot 2023-09-09 at 12.49.14 PM.png
Screenshot 2023-09-09 at 11.18.31 AM.png	Screenshot 2023-09-10 at 12.33.42 PM.png
Screenshot 2023-09-09 at 11.21.30 AM.png	Screenshot 2023-09-10 at 12.34.46 PM.png
Screenshot 2023-09-09 at 11.23.24 AM.png	homeworks
Screenshot 2023-09-09 at 11.31.15 AM.png	surprise edited.txt
Screenshot 2023-09-09 at 11.39.44 AM.png
malaikah@Malaikahs-Air Desktop % open 'surprise edited.txt' 
malaikah@Malaikahs-Air Desktop % mv 'surprise edited.txt' 'Python-DeCal/editedhw/surprise.txt'
malaikah@Malaikahs-Air Desktop % cd Python-Decal/editedhw
malaikah@Malaikahs-Air editedhw % ls
surprise.txt
malaikah@Malaikahs-Air editedhw % git add .
malaikah@Malaikahs-Air editedhw % git commit -m 'jhasdkjfh'
[main adf85c9] jhasdkjfh
 Committer: Malaikah Khan <malaikah@Malaikahs-MacBook-Air.local>
Your name and email address were configured automatically based
on your username and hostname. Please check that they are accurate.
You can suppress this message by setting them explicitly:

    git config --global user.name "Your Name"
    git config --global user.email you@example.com

After doing this, you may fix the identity used for this commit with:

    git commit --amend --reset-author

 1 file changed, 1 insertion(+)
malaikah@Malaikahs-Air editedhw % git push
Username for 'https://github.com': kulfikulfi
Password for 'https://kulfikulfi@github.com': 
remote: Support for password authentication was removed on August 13, 2021.
remote: Please see https://docs.github.com/en/get-started/getting-started-with-git/about-remote-repositories#cloning-with-https-urls for information on currently recommended modes of authentication.
fatal: Authentication failed for 'https://github.com/kulfikulfi/Python-Decal.git/'
malaikah@Malaikahs-Air editedhw % cd
malaikah@Malaikahs-Air ~ % ls
Desktop					Public
Documents				Terminal Saved Output for proof.txt
Downloads				Terminal Saved Output.txt
Library					crying in bachelor of art.py
Movies					demo
Music					hello_world.py
Pictures				sticky note info.txt
malaikah@Malaikahs-Air ~ % cd Desktop
malaikah@Malaikahs-Air Desktop % ls
---.textClipping				Screenshot 2023-09-09 at 11.39.44 AM.png
Python-Decal					Screenshot 2023-09-09 at 11.44.16 AM.png
Screenshot 2023-09-07 at 9.19.22 AM.png		Screenshot 2023-09-09 at 11.51.16 AM.png
Screenshot 2023-09-09 at 1.06.40 PM.png		Screenshot 2023-09-09 at 11.53.32 AM.png
Screenshot 2023-09-09 at 1.09.10 PM.png		Screenshot 2023-09-09 at 11.54.37 AM.png
Screenshot 2023-09-09 at 11.17.00 AM.png	Screenshot 2023-09-09 at 12.11.31 PM.png
Screenshot 2023-09-09 at 11.17.07 AM.png	Screenshot 2023-09-09 at 12.21.59 PM.png
Screenshot 2023-09-09 at 11.17.13 AM.png	Screenshot 2023-09-09 at 12.22.25 PM.png
Screenshot 2023-09-09 at 11.18.31 AM.png	Screenshot 2023-09-09 at 12.49.14 PM.png
Screenshot 2023-09-09 at 11.21.30 AM.png	Screenshot 2023-09-10 at 12.33.42 PM.png
Screenshot 2023-09-09 at 11.23.24 AM.png	Screenshot 2023-09-10 at 12.34.46 PM.png
Screenshot 2023-09-09 at 11.31.15 AM.png	homeworks
malaikah@Malaikahs-Air Desktop % cd Python-Decal
malaikah@Malaikahs-Air Python-Decal % ls
surprise.txt
malaikah@Malaikahs-Air Python-Decal % git add . 
malaikah@Malaikahs-Air Python-Decal % git commit -m 'im so sick of this shit' 
[main 7933ce0] im so sick of this shit
 Committer: Malaikah Khan <malaikah@Malaikahs-MacBook-Air.local>
Your name and email address were configured automatically based
on your username and hostname. Please check that they are accurate.
You can suppress this message by setting them explicitly:

    git config --global user.name "Your Name"
    git config --global user.email you@example.com

After doing this, you may fix the identity used for this commit with:

    git commit --amend --reset-author

 3 files changed, 1 deletion(-)
 delete mode 100644 homework
 rename editedhw/surprise.txt => surprise.txt (100%)
malaikah@Malaikahs-Air Python-Decal % git push
Username for 'https://github.com': kulfikulfi
Password for 'https://kulfikulfi@github.com': 
remote: Support for password authentication was removed on August 13, 2021.
remote: Please see https://docs.github.com/en/get-started/getting-started-with-git/about-remote-repositories#cloning-with-https-urls for information on currently recommended modes of authentication.
fatal: Authentication failed for 'https://github.com/kulfikulfi/Python-Decal.git/'
malaikah@Malaikahs-Air Python-Decal % cd
malaikah@Malaikahs-Air ~ % ls
Desktop					Public
Documents				Terminal Saved Output for proof.txt
Downloads				Terminal Saved Output.txt
Library					crying in bachelor of art.py
Movies					demo
Music					hello_world.py
Pictures				sticky note info.txt
malaikah@Malaikahs-Air ~ % cd desktop 
malaikah@Malaikahs-Air desktop % ls
---.textClipping				Screenshot 2023-09-09 at 11.44.16 AM.png
Python-Decal					Screenshot 2023-09-09 at 11.51.16 AM.png
Screenshot 2023-09-07 at 9.19.22 AM.png		Screenshot 2023-09-09 at 11.53.32 AM.png
Screenshot 2023-09-09 at 1.06.40 PM.png		Screenshot 2023-09-09 at 11.54.37 AM.png
Screenshot 2023-09-09 at 1.09.10 PM.png		Screenshot 2023-09-09 at 12.11.31 PM.png
Screenshot 2023-09-09 at 11.17.00 AM.png	Screenshot 2023-09-09 at 12.21.59 PM.png
Screenshot 2023-09-09 at 11.17.07 AM.png	Screenshot 2023-09-09 at 12.22.25 PM.png
Screenshot 2023-09-09 at 11.17.13 AM.png	Screenshot 2023-09-09 at 12.49.14 PM.png
Screenshot 2023-09-09 at 11.18.31 AM.png	Screenshot 2023-09-10 at 12.33.42 PM.png
Screenshot 2023-09-09 at 11.21.30 AM.png	Screenshot 2023-09-10 at 12.34.46 PM.png
Screenshot 2023-09-09 at 11.23.24 AM.png	homework
Screenshot 2023-09-09 at 11.31.15 AM.png	homeworks
Screenshot 2023-09-09 at 11.39.44 AM.png	lecture notes
malaikah@Malaikahs-Air desktop % cd Python-Decal 
malaikah@Malaikahs-Air Python-Decal % ls
surprise.txt
malaikah@Malaikahs-Air Python-Decal % git add . 
malaikah@Malaikahs-Air Python-Decal % git commit -m 'one last try' 
On branch main
Your branch is ahead of 'origin/main' by 4 commits.
  (use "git push" to publish your local commits)

nothing to commit, working tree clean
malaikah@Malaikahs-Air Python-Decal % git push 
Username for 'https://github.com': kulfikulfi
Password for 'https://kulfikulfi@github.com': 
To https://github.com/kulfikulfi/Python-Decal.git
 ! [rejected]        main -> main (fetch first)
error: failed to push some refs to 'https://github.com/kulfikulfi/Python-Decal.git'
hint: Updates were rejected because the remote contains work that you do
hint: not have locally. This is usually caused by another repository pushing
hint: to the same ref. You may want to first integrate the remote changes
hint: (e.g., 'git pull ...') before pushing again.
hint: See the 'Note about fast-forwards' in 'git push --help' for details.
malaikah@Malaikahs-Air Python-Decal % 
